

Fri Jun  2 23:02:57 2023
Command line: TestDisk

TestDisk 7.1, Data Recovery Utility, July 2019
Christophe GRENIER <grenier@cgsecurity.org>
https://www.cgsecurity.org
OS: Linux, kernel 6.3.3-zen1-1-zen (#1 ZEN SMP PREEMPT_DYNAMIC Sun, 21 May 2023 16:10:30 +0000) x86_64
Compiler: GCC 12.2
ext2fs lib: 1.47.0, ntfs lib: libntfs-3g, reiserfs lib: none, ewf lib: none, curses lib: ncurses 6.3
/dev/sda: LBA, HPA, LBA48, DCO support
/dev/sda: size       1953525168 sectors
/dev/sda: user_max   1953525168 sectors
/dev/sda: native_max 1953525168 sectors
/dev/sda: dco        1953525168 sectors
Warning: can't get size for Disk /dev/mapper/control - 0 B - 0 sectors, sector size=512
Hard disk list
Disk /dev/sda - 1000 GB / 931 GiB - CHS 121601 255 63, sector size=512 - TOSHIBA MQ04ABF100, S/N:X1FSTMART, FW:100003
Disk /dev/nvme0n1 - 256 GB / 238 GiB - CHS 244198 64 32, sector size=512

Partition table type (auto): EFI GPT
Disk /dev/sda - 1000 GB / 931 GiB - TOSHIBA MQ04ABF100
Partition table type: EFI GPT

Analyse Disk /dev/sda - 1000 GB / 931 GiB - CHS 121601 255 63
hdr_size=92
hdr_lba_self=1
hdr_lba_alt=1953525167 (expected 1953525167)
hdr_lba_start=34
hdr_lba_end=1953525134
hdr_lba_table=2
hdr_entries=128
hdr_entsz=128
check_part_gpt failed for partition
 1 P MS Reserved                 2048     264191     262144 [Microsoft reserved partition]
Current partition structure:
No FAT, NTFS, ext2, JFS, Reiser, cramfs or XFS marker
 1 P MS Reserved                 2048     264191     262144 [Microsoft reserved partition]
 1 P MS Reserved                 2048     264191     262144 [Microsoft reserved partition]
 2 P MS Data                   264192 1219520511 1219256320 [Basic data partition] [DATA]
 3 P EFI System            1219520512 1221617663    2097152 [EFI System Partition]
 4 P Linux filesys. data   1221617664 1953525134  731907471 [root]

search_part()
Disk /dev/sda - 1000 GB / 931 GiB - CHS 121601 255 63
NTFS at 16/113/34
filesystem size           1219256320
sectors_per_cluster       8
mft_lcn                   786432
mftmirr_lcn               2
clusters_per_mft_record   -10
clusters_per_index_record 1
NTFS part_offset=135266304, part_size=624259235840, sector_size=512
NTFS partition cannot be added (part_offset<part_size).
NTFS at 16/113/34
filesystem size           1219256320
sectors_per_cluster       8
mft_lcn                   786432
mftmirr_lcn               2
clusters_per_mft_record   -10
clusters_per_index_record 1
     MS Data                   264192 1219520511 1219256320 [DATA]
     NTFS, blocksize=4096, 624 GB / 581 GiB
FAT32 at 75911/163/29
FAT1 : 32-2079
FAT2 : 2080-4127
start_rootdir : 4128 root cluster : 2
Data : 4128-2097143
sectors : 2097144
cluster_size : 8
no_of_cluster : 261627 (2 - 261628)
fat_length 2048 calculated 2044
set_FAT_info: name from BS used

FAT32 at 75911/163/29
FAT: cluster=2(0x2), pos=1219524640
     EFI System            1219520512 1221617655    2097144 [EFI System Partition] [NO NAME]
     FAT32, blocksize=4096, 1073 MB / 1023 MiB

recover_btrfs: part_size 731907464
     Linux filesys. data   1221617664 1953525127  731907464
     btrfs blocksize=4096 Backup superblock, 374 GB / 349 GiB

Results
   P MS Data                   264192 1219520511 1219256320 [DATA]
     NTFS, blocksize=4096, 624 GB / 581 GiB
   P EFI System            1219520512 1221617655    2097144 [EFI System Partition] [NO NAME]
     FAT32, blocksize=4096, 1073 MB / 1023 MiB
   P Linux filesys. data   1221617664 1953525127  731907464
     btrfs blocksize=4096 Backup superblock, 374 GB / 349 GiB

Hint for advanced users: dmsetup may be used if you prefer to avoid rewriting the partition table for the moment:
echo "0 1219256320 linear /dev/sda 264192" | dmsetup create test0
echo "0 2097144 linear /dev/sda 1219520512" | dmsetup create test1
echo "0 731907464 linear /dev/sda 1221617664" | dmsetup create test2

interface_write()
 1 P MS Data                   264192 1219520511 1219256320 [DATA]
 2 P EFI System            1219520512 1221617655    2097144 [EFI System Partition] [NO NAME]
 3 P Linux filesys. data   1221617664 1953525127  731907464

interface_write()
 1 P MS Data                   264192 1219520511 1219256320 [DATA]
 2 P EFI System            1219520512 1221617655    2097144 [EFI System Partition] [NO NAME]
 3 P Linux filesys. data   1221617664 1953525127  731907464
simulate write!

Interface Advanced
hdr_size=92
hdr_lba_self=1
hdr_lba_alt=1953525167 (expected 1953525167)
hdr_lba_start=34
hdr_lba_end=1953525134
hdr_lba_table=2
hdr_entries=128
hdr_entsz=128
check_part_gpt failed for partition
 1 P MS Reserved                 2048     264191     262144 [Microsoft reserved partition]
 1 P MS Reserved                 2048     264191     262144 [Microsoft reserved partition]
 2 P MS Data                   264192 1219520511 1219256320 [Basic data partition] [DATA]
     NTFS, blocksize=4096, 624 GB / 581 GiB
 3 P EFI System            1219520512 1221617663    2097152 [EFI System Partition]
 4 P Linux filesys. data   1221617664 1953525134  731907471 [root]

TestDisk exited normally.
Using locale 'en_IN'.


Fri Jun  2 23:04:13 2023
Command line: TestDisk /log

TestDisk 7.1, Data Recovery Utility, July 2019
Christophe GRENIER <grenier@cgsecurity.org>
https://www.cgsecurity.org
OS: Linux, kernel 6.3.3-zen1-1-zen (#1 ZEN SMP PREEMPT_DYNAMIC Sun, 21 May 2023 16:10:30 +0000) x86_64
Compiler: GCC 12.2
ext2fs lib: 1.47.0, ntfs lib: libntfs-3g, reiserfs lib: none, ewf lib: none, curses lib: ncurses 6.3
/dev/sda: LBA, HPA, LBA48, DCO support
/dev/sda: size       1953525168 sectors
/dev/sda: user_max   1953525168 sectors
/dev/sda: native_max 1953525168 sectors
/dev/sda: dco        1953525168 sectors
Warning: can't get size for Disk /dev/mapper/control - 0 B - 0 sectors, sector size=512
Hard disk list
Disk /dev/sda - 1000 GB / 931 GiB - CHS 121601 255 63, sector size=512 - TOSHIBA MQ04ABF100, S/N:X1FSTMART, FW:100003
Disk /dev/nvme0n1 - 256 GB / 238 GiB - CHS 244198 64 32, sector size=512

Partition table type (auto): EFI GPT
Disk /dev/sda - 1000 GB / 931 GiB - TOSHIBA MQ04ABF100
Partition table type: EFI GPT

Interface Advanced
check_part_gpt failed for partition
 1 P MS Reserved                 2048     264191     262144 [Microsoft reserved partition]
 1 P MS Reserved                 2048     264191     262144 [Microsoft reserved partition]
 2 P MS Data                   264192 1219520511 1219256320 [Basic data partition] [DATA]
     NTFS, blocksize=4096, 624 GB / 581 GiB
 3 P EFI System            1219520512 1221617663    2097152 [EFI System Partition]
 4 P Linux filesys. data   1221617664 1953525134  731907471 [root]
Incomplete image created.

 4 P Linux filesys. data   1221617664 1953525134  731907471 [root]
Support for this filesystem wasn't enabled during compilation.

 4 P Linux filesys. data   1221617664 1953525134  731907471 [root]
Support for this filesystem wasn't enabled during compilation.
ntfs_device_testdisk_io_ioctl() unimplemented

Directory /
       5 dr-xr-xr-x     0      0         0 19-May-2023 00:19 .
       5 dr-xr-xr-x     0      0         0 19-May-2023 00:19 ..
      42 dr-xr-xr-x     0      0         0  4-Feb-2023 15:07 $RECYCLE.BIN
      64 dr-xr-xr-x     0      0         0 13-Apr-2023 18:16 .Trash-1000
    4995 dr-xr-xr-x     0      0         0 19-May-2023 21:00 Games
      53 dr-xr-xr-x     0      0         0  2-Apr-2023 12:13 Program Files
      56 dr-xr-xr-x     0      0         0 21-May-2023 03:07 Projects
      36 dr-xr-xr-x     0      0         0 12-Apr-2023 12:11 System Volume Information
     930 dr-xr-xr-x     0      0         0  4-Feb-2023 16:22 Users
    4997 dr-xr-xr-x     0      0         0 10-Apr-2023 21:32 found.000
      18 dr-xr-xr-x     0      0         0 19-Apr-2023 04:43 found.001
      65 dr-xr-xr-x     0      0         0  5-May-2023 18:06 msdownld.tmp
    9972 -r--r--r--     0      0       112 10-Apr-2023 21:32 bootTel.dat
SIGINT detected! TestDisk has been killed.
